Removed Pin From Net: NetName=NetD6_A Pin=X1-2
Removed Pin From Net: NetName=SC_in Pin=X1-6
Removed Pin From Net: NetName=+12 Pin=X1-9
Removed Pin From Net: NetName=SC_out Pin=X1-10
Change Component Footprint: Designator=R9 Old Footprint=R10K-VTR_SMD New Footprint=R10k-VTR
Change Component Footprint: Designator=R10 Old Footprint=R10K-VTR_SMD New Footprint=R10k-VTR
Change Component Footprint: Designator=X1 Old Footprint=Relay_G5V-1-DC5 New Footprint=FP-4-1393789-5-0
Change Component Comment : Designator=R9 Old Comment=10kR New Comment=R10k-VTR
Change Component Comment : Designator=R10 Old Comment=10kR New Comment=R10k-VTR
Change Component Comment : Designator=X1 Old Comment=G5V-1-DC5 New Comment=Relay_SPDT_12V
Change Managed Component Library Link : Designator=R9 Old VaultGUID= New VaultGUID=082481D6-5331-4BED-BC73-1EE54992B059 Old ItemGUID= New ItemGUID=71C00B85-2A4B-4ABC-9031-43AF3CBFCC3C Old RevisionGUID= New RevisionGUID=E4663587-7345-4B1E-B1D7-3B595BCE3043
Change Managed Component Library Link : Designator=R10 Old VaultGUID= New VaultGUID=082481D6-5331-4BED-BC73-1EE54992B059 Old ItemGUID= New ItemGUID=71C00B85-2A4B-4ABC-9031-43AF3CBFCC3C Old RevisionGUID= New RevisionGUID=E4663587-7345-4B1E-B1D7-3B595BCE3043
Change Managed Component Library Link : Designator=X1 Old VaultGUID= New VaultGUID=082481D6-5331-4BED-BC73-1EE54992B059 Old ItemGUID= New ItemGUID=c31d51a0-a6c1-4369-866e-cae3afaacf6e Old RevisionGUID= New RevisionGUID=b60140ba-38e7-476d-b2dc-00cdb7f6b5e1
Change component parameters: Designator = "R9" ("R9"); Footprint = "R10K-VTR_SMD"; UniqueID = "\BIWDOQXL" ("\BIWDOQXL")
Change component parameters (AddParameter): Name = ".Creator"; Value = "DO"; VariantName = "[No Variations]"
Change component parameters (AddParameter): Name = ".PCBcheck"; Value = ""; VariantName = "[No Variations]"
Change component parameters (AddParameter): Name = ".SCHcheck"; Value = ""; VariantName = "[No Variations]"
Change component parameters (AddParameter): Name = "Case Code (Metric)"; Value = ""; VariantName = "[No Variations]"
Change component parameters (AddParameter): Name = "Case/Package"; Value = ""; VariantName = "[No Variations]"
Change component parameters (AddParameter): Name = "Category"; Value = "Variable Resistors and Potentiometers"; VariantName = "[No Variations]"
Change component parameters (AddParameter): Name = "Circuit Type"; Value = ""; VariantName = "[No Variations]"
Change component parameters (AddParameter): Name = "Color"; Value = "Blue"; VariantName = "[No Variations]"
Change component parameters (AddParameter): Name = "ComponentLink1Description"; Value = "https://datasheet.ciiva.com/19454/853572-19454866.pdf?src-supplier=Jameco"; VariantName = "[No Variations]"
Change component parameters (AddParameter): Name = "ComponentLink1URL"; Value = "https://datasheet.ciiva.com/19454/853572-19454866.pdf?src-supplier=Jameco"; VariantName = "[No Variations]"
Change component parameters (AddParameter): Name = "ComponentLink2Description"; Value = "https://datasheet.ciiva.com/11830/0900766b8069ccf4-11830871.pdf?src-supplier=RSComponents"; VariantName = "[No Variations]"
Change component parameters (AddParameter): Name = "ComponentLink2URL"; Value = "https://datasheet.ciiva.com/11830/0900766b8069ccf4-11830871.pdf?src-supplier=RSComponents"; VariantName = "[No Variations]"
Change component parameters (AddParameter): Name = "ComponentLink3Description"; Value = "https://datasheet.ciiva.com/29122/447277-da-01-en-trimmer-tht3296w-1-103lf-10k-0-5w-29122362.pdf?src-supplier=Conrad"; VariantName = "[No Variations]"
Change component parameters (AddParameter): Name = "ComponentLink3URL"; Value = "https://datasheet.ciiva.com/29122/447277-da-01-en-trimmer-tht3296w-1-103lf-10k-0-5w-29122362.pdf?src-supplier=Conrad"; VariantName = "[No Variations]"
Change component parameters (AddParameter): Name = "ComponentLink4Description"; Value = "https://datasheet.ciiva.com/26913/3296w-1-103lf-26913885.pdf?src-supplier=IIIC"; VariantName = "[No Variations]"
Change component parameters (AddParameter): Name = "ComponentLink4URL"; Value = "https://datasheet.ciiva.com/26913/3296w-1-103lf-26913885.pdf?src-supplier=IIIC"; VariantName = "[No Variations]"
Change component parameters (AddParameter): Name = "ComponentLink5Description"; Value = "https://datasheet.ciiva.com/1131/1815117-1131273.pdf?src-supplier=Element14"; VariantName = "[No Variations]"
Change component parameters (AddParameter): Name = "ComponentLink5URL"; Value = "https://datasheet.ciiva.com/1131/1815117-1131273.pdf?src-supplier=Element14"; VariantName = "[No Variations]"
Change component parameters (AddParameter): Name = "ComponentLink6Description"; Value = "https://datasheet.ciiva.com/18411/70153578-18411561.pdf?src-supplier=Allied+Electronics"; VariantName = "[No Variations]"
Change component parameters (AddParameter): Name = "ComponentLink6URL"; Value = "https://datasheet.ciiva.com/18411/70153578-18411561.pdf?src-supplier=Allied+Electronics"; VariantName = "[No Variations]"
Change component parameters (AddParameter): Name = "ComponentLink7Description"; Value = "https://datasheet.ciiva.com/3266/3296-3266187.pdf?src-supplier=Avnet"; VariantName = "[No Variations]"
Change component parameters (AddParameter): Name = "ComponentLink7URL"; Value = "https://datasheet.ciiva.com/3266/3296-3266187.pdf?src-supplier=Avnet"; VariantName = "[No Variations]"
Change component parameters (AddParameter): Name = "ComponentLink8Description"; Value = "https://datasheet.ciiva.com/30093/3296-30093899.pdf?src-supplier=Onlinecomponents.com"; VariantName = "[No Variations]"
Change component parameters (AddParameter): Name = "ComponentLink8URL"; Value = "https://datasheet.ciiva.com/30093/3296-30093899.pdf?src-supplier=Onlinecomponents.com"; VariantName = "[No Variations]"
Change component parameters (AddParameter): Name = "ComponentLink9Description"; Value = "https://datasheet.ciiva.com/2156/3296-2156893.pdf?src-supplier=Digi-Key"; VariantName = "[No Variations]"
Change component parameters (AddParameter): Name = "ComponentLink9URL"; Value = "https://datasheet.ciiva.com/2156/3296-2156893.pdf?src-supplier=Digi-Key"; VariantName = "[No Variations]"
Change component parameters (AddParameter): Name = "ComponentLink10Description"; Value = "https://datasheet.ciiva.com/14173/ew3296-dat-e-14173022.pdf?src-supplier=Distrelec"; VariantName = "[No Variations]"
Change component parameters (AddParameter): Name = "ComponentLink10URL"; Value = "https://datasheet.ciiva.com/14173/ew3296-dat-e-14173022.pdf?src-supplier=Distrelec"; VariantName = "[No Variations]"
Change component parameters (AddParameter): Name = "ComponentLink11Description"; Value = "Where buy it"; VariantName = "[No Variations]"
Change component parameters (AddParameter): Name = "ComponentLink11URL"; Value = "https://es.rs-online.com/web/p/potenciometros-de-ajuste/5219647"; VariantName = "[No Variations]"
Change component parameters (AddParameter): Name = "Construction"; Value = ""; VariantName = "[No Variations]"
Change component parameters (AddParameter): Name = "Contact Plating"; Value = "Tin,Matte"; VariantName = "[No Variations]"
Change component parameters (AddParameter): Name = "Current Rating"; Value = ""; VariantName = "[No Variations]"
Change component parameters (AddParameter): Name = "Depth"; Value = "4.83mm"; VariantName = "[No Variations]"
Change component parameters (AddParameter): Name = "Design Item ID"; Value = "R10k-VTR"; VariantName = "[No Variations]"
Change component parameters (AddParameter): Name = "ELV"; Value = ""; VariantName = "[No Variations]"
Change component parameters (AddParameter): Name = "Features"; Value = ""; VariantName = "[No Variations]"
Change component parameters (AddParameter): Name = "Height"; Value = "0.395inch"; VariantName = "[No Variations]"
Change component parameters (AddParameter): Name = "Insulation Resistance"; Value = "1GR"; VariantName = "[No Variations]"
Change component parameters (AddParameter): Name = "Lead Free"; Value = "Lead Free"; VariantName = "[No Variations]"
Change component parameters (AddParameter): Name = "Lead Length"; Value = ""; VariantName = "[No Variations]"
Change component parameters (AddParameter): Name = "Length"; Value = "9.53mm"; VariantName = "[No Variations]"
Change component parameters (AddParameter): Name = "Manufacturer"; Value = "Bourns"; VariantName = "[No Variations]"
Change component parameters (AddParameter): Name = "Manufacturer 1"; Value = ""; VariantName = "[No Variations]"
Change component parameters (AddParameter): Name = "Manufacturer Part Number"; Value = "3296W-1-103LF"; VariantName = "[No Variations]"
Change component parameters (AddParameter): Name = "Manufacturer Part Number 1"; Value = ""; VariantName = "[No Variations]"
Change component parameters (AddParameter): Name = "Max Operating Temperature"; Value = "125°C"; VariantName = "[No Variations]"
Change component parameters (AddParameter): Name = "Max Power Dissipation"; Value = "500mW"; VariantName = "[No Variations]"
Change component parameters (AddParameter): Name = "Military Standard"; Value = "Not"; VariantName = "[No Variations]"
Change component parameters (AddParameter): Name = "Min Operating Temperature"; Value = "-55°C"; VariantName = "[No Variations]"
Change component parameters (AddParameter): Name = "Mount"; Value = "PCB,Through Hole"; VariantName = "[No Variations]"
Change component parameters (AddParameter): Name = "Number of Contacts"; Value = ""; VariantName = "[No Variations]"
Change component parameters (AddParameter): Name = "Number of Elements"; Value = ""; VariantName = "[No Variations]"
Change component parameters (AddParameter): Name = "Number of Resistors"; Value = ""; VariantName = "[No Variations]"
Change component parameters (AddParameter): Name = "Number of Terminals/Pins"; Value = ""; VariantName = "[No Variations]"
Change component parameters (AddParameter): Name = "Number of Terminations"; Value = ""; VariantName = "[No Variations]"
Change component parameters (AddParameter): Name = "Number of Turns"; Value = "25"; VariantName = "[No Variations]"
Change component parameters (AddParameter): Name = "Package Quantity"; Value = "50"; VariantName = "[No Variations]"
Change component parameters (AddParameter): Name = "Package Shape"; Value = ""; VariantName = "[No Variations]"
Change component parameters (AddParameter): Name = "Packaging"; Value = "Rail/Tube"; VariantName = "[No Variations]"
Change component parameters (AddParameter): Name = "Pins"; Value = ""; VariantName = "[No Variations]"
Change component parameters (AddParameter): Name = "Power Per Element"; Value = ""; VariantName = "[No Variations]"
Change component parameters (AddParameter): Name = "Power Rating"; Value = "500mW"; VariantName = "[No Variations]"
Change component parameters (AddParameter): Name = "Pricing 1"; Value = "50=2,54800, 100=2,31900, 200=2,14000, 300=1,88400, 500=1,55300 (USD)"; VariantName = "[No Variations]"
Change component parameters (AddParameter): Name = "Radiation Hardening"; Value = "No"; VariantName = "[No Variations]"
Change component parameters (AddParameter): Name = "REACH SVHC"; Value = "No SVHC"; VariantName = "[No Variations]"
Change component parameters (AddParameter): Name = "Resistance"; Value = ""; VariantName = "[No Variations]"
Change component parameters (AddParameter): Name = "Resistance Tolerance"; Value = "10%"; VariantName = "[No Variations]"
Change component parameters (AddParameter): Name = "Resistence"; Value = ""; VariantName = "[No Variations]"
Change component parameters (AddParameter): Name = "Resistor Type"; Value = "Cermet"; VariantName = "[No Variations]"
Change component parameters (AddParameter): Name = "RoHS"; Value = "Yes"; VariantName = "[No Variations]"
Change component parameters (AddParameter): Name = "RoHS Compliant"; Value = "Yes"; VariantName = "[No Variations]"
Change component parameters (AddParameter): Name = "Series"; Value = "3296"; VariantName = "[No Variations]"
Change component parameters (AddParameter): Name = "Size Code"; Value = ""; VariantName = "[No Variations]"
Change component parameters (AddParameter): Name = "Source"; Value = "Passives.SchLib"; VariantName = "[No Variations]"
Change component parameters (AddParameter): Name = "Stock 1"; Value = "3300"; VariantName = "[No Variations]"
Change component parameters (AddParameter): Name = "Taper"; Value = "Linear"; VariantName = "[No Variations]"
Change component parameters (AddParameter): Name = "Technology"; Value = "CERMET"; VariantName = "[No Variations]"
Change component parameters (AddParameter): Name = "Temperature Coefficient"; Value = "100ppm/°C"; VariantName = "[No Variations]"
Change component parameters (AddParameter): Name = "Terminal Finish"; Value = ""; VariantName = "[No Variations]"
Change component parameters (AddParameter): Name = "Terminal Pitch"; Value = ""; VariantName = "[No Variations]"
Change component parameters (AddParameter): Name = "Termination"; Value = "Pin"; VariantName = "[No Variations]"
Change component parameters (AddParameter): Name = "Thickness"; Value = ""; VariantName = "[No Variations]"
Change component parameters (AddParameter): Name = "Tolerance"; Value = "10%"; VariantName = "[No Variations]"
Change component parameters (AddParameter): Name = "Value"; Value = "10k"; VariantName = "[No Variations]"
Change component parameters (AddParameter): Name = "Voltage Rating"; Value = ""; VariantName = "[No Variations]"
Change component parameters (AddParameter): Name = "Voltage Rating (DC)"; Value = ""; VariantName = "[No Variations]"
Change component parameters (AddParameter): Name = "Weight"; Value = "0.03oz"; VariantName = "[No Variations]"
Change component parameters (AddParameter): Name = "Width"; Value = "9.53mm"; VariantName = "[No Variations]"
Change component parameters (AddParameter): Name = "Working Voltage"; Value = ""; VariantName = "[No Variations]"
Change component parameters: Designator = "R10" ("R10"); Footprint = "R10K-VTR_SMD"; UniqueID = "\CGSALNHZ" ("\CGSALNHZ")
Change component parameters (AddParameter): Name = ".Creator"; Value = "DO"; VariantName = "[No Variations]"
Change component parameters (AddParameter): Name = ".PCBcheck"; Value = ""; VariantName = "[No Variations]"
Change component parameters (AddParameter): Name = ".SCHcheck"; Value = ""; VariantName = "[No Variations]"
Change component parameters (AddParameter): Name = "Case Code (Metric)"; Value = ""; VariantName = "[No Variations]"
Change component parameters (AddParameter): Name = "Case/Package"; Value = ""; VariantName = "[No Variations]"
Change component parameters (AddParameter): Name = "Category"; Value = "Variable Resistors and Potentiometers"; VariantName = "[No Variations]"
Change component parameters (AddParameter): Name = "Circuit Type"; Value = ""; VariantName = "[No Variations]"
Change component parameters (AddParameter): Name = "Color"; Value = "Blue"; VariantName = "[No Variations]"
Change component parameters (AddParameter): Name = "ComponentLink1Description"; Value = "https://datasheet.ciiva.com/19454/853572-19454866.pdf?src-supplier=Jameco"; VariantName = "[No Variations]"
Change component parameters (AddParameter): Name = "ComponentLink1URL"; Value = "https://datasheet.ciiva.com/19454/853572-19454866.pdf?src-supplier=Jameco"; VariantName = "[No Variations]"
Change component parameters (AddParameter): Name = "ComponentLink2Description"; Value = "https://datasheet.ciiva.com/11830/0900766b8069ccf4-11830871.pdf?src-supplier=RSComponents"; VariantName = "[No Variations]"
Change component parameters (AddParameter): Name = "ComponentLink2URL"; Value = "https://datasheet.ciiva.com/11830/0900766b8069ccf4-11830871.pdf?src-supplier=RSComponents"; VariantName = "[No Variations]"
Change component parameters (AddParameter): Name = "ComponentLink3Description"; Value = "https://datasheet.ciiva.com/29122/447277-da-01-en-trimmer-tht3296w-1-103lf-10k-0-5w-29122362.pdf?src-supplier=Conrad"; VariantName = "[No Variations]"
Change component parameters (AddParameter): Name = "ComponentLink3URL"; Value = "https://datasheet.ciiva.com/29122/447277-da-01-en-trimmer-tht3296w-1-103lf-10k-0-5w-29122362.pdf?src-supplier=Conrad"; VariantName = "[No Variations]"
Change component parameters (AddParameter): Name = "ComponentLink4Description"; Value = "https://datasheet.ciiva.com/26913/3296w-1-103lf-26913885.pdf?src-supplier=IIIC"; VariantName = "[No Variations]"
Change component parameters (AddParameter): Name = "ComponentLink4URL"; Value = "https://datasheet.ciiva.com/26913/3296w-1-103lf-26913885.pdf?src-supplier=IIIC"; VariantName = "[No Variations]"
Change component parameters (AddParameter): Name = "ComponentLink5Description"; Value = "https://datasheet.ciiva.com/1131/1815117-1131273.pdf?src-supplier=Element14"; VariantName = "[No Variations]"
Change component parameters (AddParameter): Name = "ComponentLink5URL"; Value = "https://datasheet.ciiva.com/1131/1815117-1131273.pdf?src-supplier=Element14"; VariantName = "[No Variations]"
Change component parameters (AddParameter): Name = "ComponentLink6Description"; Value = "https://datasheet.ciiva.com/18411/70153578-18411561.pdf?src-supplier=Allied+Electronics"; VariantName = "[No Variations]"
Change component parameters (AddParameter): Name = "ComponentLink6URL"; Value = "https://datasheet.ciiva.com/18411/70153578-18411561.pdf?src-supplier=Allied+Electronics"; VariantName = "[No Variations]"
Change component parameters (AddParameter): Name = "ComponentLink7Description"; Value = "https://datasheet.ciiva.com/3266/3296-3266187.pdf?src-supplier=Avnet"; VariantName = "[No Variations]"
Change component parameters (AddParameter): Name = "ComponentLink7URL"; Value = "https://datasheet.ciiva.com/3266/3296-3266187.pdf?src-supplier=Avnet"; VariantName = "[No Variations]"
Change component parameters (AddParameter): Name = "ComponentLink8Description"; Value = "https://datasheet.ciiva.com/30093/3296-30093899.pdf?src-supplier=Onlinecomponents.com"; VariantName = "[No Variations]"
Change component parameters (AddParameter): Name = "ComponentLink8URL"; Value = "https://datasheet.ciiva.com/30093/3296-30093899.pdf?src-supplier=Onlinecomponents.com"; VariantName = "[No Variations]"
Change component parameters (AddParameter): Name = "ComponentLink9Description"; Value = "https://datasheet.ciiva.com/2156/3296-2156893.pdf?src-supplier=Digi-Key"; VariantName = "[No Variations]"
Change component parameters (AddParameter): Name = "ComponentLink9URL"; Value = "https://datasheet.ciiva.com/2156/3296-2156893.pdf?src-supplier=Digi-Key"; VariantName = "[No Variations]"
Change component parameters (AddParameter): Name = "ComponentLink10Description"; Value = "https://datasheet.ciiva.com/14173/ew3296-dat-e-14173022.pdf?src-supplier=Distrelec"; VariantName = "[No Variations]"
Change component parameters (AddParameter): Name = "ComponentLink10URL"; Value = "https://datasheet.ciiva.com/14173/ew3296-dat-e-14173022.pdf?src-supplier=Distrelec"; VariantName = "[No Variations]"
Change component parameters (AddParameter): Name = "ComponentLink11Description"; Value = "Where buy it"; VariantName = "[No Variations]"
Change component parameters (AddParameter): Name = "ComponentLink11URL"; Value = "https://es.rs-online.com/web/p/potenciometros-de-ajuste/5219647"; VariantName = "[No Variations]"
Change component parameters (AddParameter): Name = "Construction"; Value = ""; VariantName = "[No Variations]"
Change component parameters (AddParameter): Name = "Contact Plating"; Value = "Tin,Matte"; VariantName = "[No Variations]"
Change component parameters (AddParameter): Name = "Current Rating"; Value = ""; VariantName = "[No Variations]"
Change component parameters (AddParameter): Name = "Depth"; Value = "4.83mm"; VariantName = "[No Variations]"
Change component parameters (AddParameter): Name = "Design Item ID"; Value = "R10k-VTR"; VariantName = "[No Variations]"
Change component parameters (AddParameter): Name = "ELV"; Value = ""; VariantName = "[No Variations]"
Change component parameters (AddParameter): Name = "Features"; Value = ""; VariantName = "[No Variations]"
Change component parameters (AddParameter): Name = "Height"; Value = "0.395inch"; VariantName = "[No Variations]"
Change component parameters (AddParameter): Name = "Insulation Resistance"; Value = "1GR"; VariantName = "[No Variations]"
Change component parameters (AddParameter): Name = "Lead Free"; Value = "Lead Free"; VariantName = "[No Variations]"
Change component parameters (AddParameter): Name = "Lead Length"; Value = ""; VariantName = "[No Variations]"
Change component parameters (AddParameter): Name = "Length"; Value = "9.53mm"; VariantName = "[No Variations]"
Change component parameters (AddParameter): Name = "Manufacturer"; Value = "Bourns"; VariantName = "[No Variations]"
Change component parameters (AddParameter): Name = "Manufacturer 1"; Value = ""; VariantName = "[No Variations]"
Change component parameters (AddParameter): Name = "Manufacturer Part Number"; Value = "3296W-1-103LF"; VariantName = "[No Variations]"
Change component parameters (AddParameter): Name = "Manufacturer Part Number 1"; Value = ""; VariantName = "[No Variations]"
Change component parameters (AddParameter): Name = "Max Operating Temperature"; Value = "125°C"; VariantName = "[No Variations]"
Change component parameters (AddParameter): Name = "Max Power Dissipation"; Value = "500mW"; VariantName = "[No Variations]"
Change component parameters (AddParameter): Name = "Military Standard"; Value = "Not"; VariantName = "[No Variations]"
Change component parameters (AddParameter): Name = "Min Operating Temperature"; Value = "-55°C"; VariantName = "[No Variations]"
Change component parameters (AddParameter): Name = "Mount"; Value = "PCB,Through Hole"; VariantName = "[No Variations]"
Change component parameters (AddParameter): Name = "Number of Contacts"; Value = ""; VariantName = "[No Variations]"
Change component parameters (AddParameter): Name = "Number of Elements"; Value = ""; VariantName = "[No Variations]"
Change component parameters (AddParameter): Name = "Number of Resistors"; Value = ""; VariantName = "[No Variations]"
Change component parameters (AddParameter): Name = "Number of Terminals/Pins"; Value = ""; VariantName = "[No Variations]"
Change component parameters (AddParameter): Name = "Number of Terminations"; Value = ""; VariantName = "[No Variations]"
Change component parameters (AddParameter): Name = "Number of Turns"; Value = "25"; VariantName = "[No Variations]"
Change component parameters (AddParameter): Name = "Package Quantity"; Value = "50"; VariantName = "[No Variations]"
Change component parameters (AddParameter): Name = "Package Shape"; Value = ""; VariantName = "[No Variations]"
Change component parameters (AddParameter): Name = "Packaging"; Value = "Rail/Tube"; VariantName = "[No Variations]"
Change component parameters (AddParameter): Name = "Pins"; Value = ""; VariantName = "[No Variations]"
Change component parameters (AddParameter): Name = "Power Per Element"; Value = ""; VariantName = "[No Variations]"
Change component parameters (AddParameter): Name = "Power Rating"; Value = "500mW"; VariantName = "[No Variations]"
Change component parameters (AddParameter): Name = "Pricing 1"; Value = "50=2,54800, 100=2,31900, 200=2,14000, 300=1,88400, 500=1,55300 (USD)"; VariantName = "[No Variations]"
Change component parameters (AddParameter): Name = "Radiation Hardening"; Value = "No"; VariantName = "[No Variations]"
Change component parameters (AddParameter): Name = "REACH SVHC"; Value = "No SVHC"; VariantName = "[No Variations]"
Change component parameters (AddParameter): Name = "Resistance"; Value = ""; VariantName = "[No Variations]"
Change component parameters (AddParameter): Name = "Resistance Tolerance"; Value = "10%"; VariantName = "[No Variations]"
Change component parameters (AddParameter): Name = "Resistence"; Value = ""; VariantName = "[No Variations]"
Change component parameters (AddParameter): Name = "Resistor Type"; Value = "Cermet"; VariantName = "[No Variations]"
Change component parameters (AddParameter): Name = "RoHS"; Value = "Yes"; VariantName = "[No Variations]"
Change component parameters (AddParameter): Name = "RoHS Compliant"; Value = "Yes"; VariantName = "[No Variations]"
Change component parameters (AddParameter): Name = "Series"; Value = "3296"; VariantName = "[No Variations]"
Change component parameters (AddParameter): Name = "Size Code"; Value = ""; VariantName = "[No Variations]"
Change component parameters (AddParameter): Name = "Source"; Value = "Passives.SchLib"; VariantName = "[No Variations]"
Change component parameters (AddParameter): Name = "Stock 1"; Value = "3300"; VariantName = "[No Variations]"
Change component parameters (AddParameter): Name = "Taper"; Value = "Linear"; VariantName = "[No Variations]"
Change component parameters (AddParameter): Name = "Technology"; Value = "CERMET"; VariantName = "[No Variations]"
Change component parameters (AddParameter): Name = "Temperature Coefficient"; Value = "100ppm/°C"; VariantName = "[No Variations]"
Change component parameters (AddParameter): Name = "Terminal Finish"; Value = ""; VariantName = "[No Variations]"
Change component parameters (AddParameter): Name = "Terminal Pitch"; Value = ""; VariantName = "[No Variations]"
Change component parameters (AddParameter): Name = "Termination"; Value = "Pin"; VariantName = "[No Variations]"
Change component parameters (AddParameter): Name = "Thickness"; Value = ""; VariantName = "[No Variations]"
Change component parameters (AddParameter): Name = "Tolerance"; Value = "10%"; VariantName = "[No Variations]"
Change component parameters (AddParameter): Name = "Value"; Value = "10k"; VariantName = "[No Variations]"
Change component parameters (AddParameter): Name = "Voltage Rating"; Value = ""; VariantName = "[No Variations]"
Change component parameters (AddParameter): Name = "Voltage Rating (DC)"; Value = ""; VariantName = "[No Variations]"
Change component parameters (AddParameter): Name = "Weight"; Value = "0.03oz"; VariantName = "[No Variations]"
Change component parameters (AddParameter): Name = "Width"; Value = "9.53mm"; VariantName = "[No Variations]"
Change component parameters (AddParameter): Name = "Working Voltage"; Value = ""; VariantName = "[No Variations]"
Change component parameters: Designator = "X1" ("X1"); Footprint = "Relay_G5V-1-DC5"; UniqueID = "\XUANTMVI" ("\XUANTMVI")
Change component parameters (AddParameter): Name = "Body Breadth"; Value = "7.2mm"; VariantName = "[No Variations]"
Change component parameters (AddParameter): Name = "Body Height"; Value = "9.9mm"; VariantName = "[No Variations]"
Change component parameters (AddParameter): Name = "Body Length or Diameter"; Value = "14.6mm"; VariantName = "[No Variations]"
Change component parameters (AddParameter): Name = "Coil Current(DC)-Max"; Value = "12mA"; VariantName = "[No Variations]"
Change component parameters (AddParameter): Name = "Coil Operate Voltage(DC)"; Value = "26.15V"; VariantName = "[No Variations]"
Change component parameters (AddParameter): Name = "Coil Power"; Value = "140mW"; VariantName = "[No Variations]"
Change component parameters (AddParameter): Name = "Coil Release Voltage(DC)"; Value = "1.2V"; VariantName = "[No Variations]"
Change component parameters (AddParameter): Name = "Coil Resistance"; Value = "1.029kR"; VariantName = "[No Variations]"
Change component parameters (AddParameter): Name = "Coil Voltage(DC)-Max"; Value = "12V"; VariantName = "[No Variations]"
Change component parameters (AddParameter): Name = "Coil Voltage-Nom"; Value = "12V"; VariantName = "[No Variations]"
Change component parameters (AddParameter): Name = "Coil/Input Supply Type"; Value = "DC"; VariantName = "[No Variations]"
Change component parameters (AddParameter): Name = "Contact AC Max Power Rating R Load"; Value = "62.5VA@250VAC"; VariantName = "[No Variations]"
Change component parameters (AddParameter): Name = "Contact AC Max Rating R Load"; Value = "5A@250VAC"; VariantName = "[No Variations]"
Change component parameters (AddParameter): Name = "Contact Current(AC)-Max"; Value = "5A"; VariantName = "[No Variations]"
Change component parameters (AddParameter): Name = "Contact Current(DC)-Max"; Value = "5A"; VariantName = "[No Variations]"
Change component parameters (AddParameter): Name = "Contact DC Max Power Rating R Load"; Value = "60W@220VDC"; VariantName = "[No Variations]"
Change component parameters (AddParameter): Name = "Contact DC Max Rating R Load"; Value = "5A@220VDC"; VariantName = "[No Variations]"
Change component parameters (AddParameter): Name = "Contact Resistance"; Value = "50mR"; VariantName = "[No Variations]"
Change component parameters (AddParameter): Name = "Contact Voltage(AC)-Max"; Value = "250V"; VariantName = "[No Variations]"
Change component parameters (AddParameter): Name = "Contact Voltage(DC)-Max"; Value = "220V"; VariantName = "[No Variations]"
Change component parameters (AddParameter): Name = "Contact/Output Supply Type"; Value = "AC/DC"; VariantName = "[No Variations]"
Change component parameters (AddParameter): Name = "Dielectric Strength Between Coil and Contacts"; Value = "1500Vrms"; VariantName = "[No Variations]"
Change component parameters (AddParameter): Name = "Dielectric Strength Between Open Contacts"; Value = "1000Vrms"; VariantName = "[No Variations]"
Change component parameters (AddParameter): Name = "End Contact Material"; Value = "Silver"; VariantName = "[No Variations]"
Change component parameters (AddParameter): Name = "End Contact Plating"; Value = "Gold"; VariantName = "[No Variations]"
Change component parameters (AddParameter): Name = "Input Power-Max"; Value = "60W"; VariantName = "[No Variations]"
Change component parameters (AddParameter): Name = "Input Switching Control Type"; Value = "Random"; VariantName = "[No Variations]"
Change component parameters (AddParameter): Name = "Insertion Loss-Max"; Value = "-0.02dB"; VariantName = "[No Variations]"
Change component parameters (AddParameter): Name = "Insulation Resistance"; Value = "1GR"; VariantName = "[No Variations]"
Change component parameters (AddParameter): Name = "Isolation-Max"; Value = "-39dB"; VariantName = "[No Variations]"
Change component parameters (AddParameter): Name = "Manufacturer Series"; Value = "1393789"; VariantName = "[No Variations]"
Change component parameters (AddParameter): Name = "Max Operating Temperature"; Value = "85°C"; VariantName = "[No Variations]"
Change component parameters (AddParameter): Name = "Min Operating Temperature"; Value = "-40°C"; VariantName = "[No Variations]"
Change component parameters (AddParameter): Name = "Mounting Technology"; Value = "Surface Mount"; VariantName = "[No Variations]"
Change component parameters (AddParameter): Name = "Operate Time"; Value = "7ms"; VariantName = "[No Variations]"
Change component parameters (AddParameter): Name = "Operating Frequency-Max"; Value = "900MHz"; VariantName = "[No Variations]"
Change component parameters (AddParameter): Name = "Operating Frequency-Min"; Value = "100MHz"; VariantName = "[No Variations]"
Change component parameters (AddParameter): Name = "Packaging"; Value = "Tape and Reel"; VariantName = "[No Variations]"
Change component parameters (AddParameter): Name = "PCB Hole Count"; Value = "10"; VariantName = "[No Variations]"
Change component parameters (AddParameter): Name = "Pins"; Value = "10"; VariantName = "[No Variations]"
Change component parameters (AddParameter): Name = "Reach SVHC Compliant"; Value = "Yes"; VariantName = "[No Variations]"
Change component parameters (AddParameter): Name = "Reference Standard"; Value = "UL"; VariantName = "[No Variations]"
Change component parameters (AddParameter): Name = "Relay Action"; Value = "MOMENTARY"; VariantName = "[No Variations]"
Change component parameters (AddParameter): Name = "Relay Form"; Value = "2 FORM C"; VariantName = "[No Variations]"
Change component parameters (AddParameter): Name = "Relay Function"; Value = "DPDT"; VariantName = "[No Variations]"
Change component parameters (AddParameter): Name = "Relay Type"; Value = "RF RELAY"; VariantName = "[No Variations]"
Change component parameters (AddParameter): Name = "Release Time"; Value = "9ms"; VariantName = "[No Variations]"
Change component parameters (AddParameter): Name = "RoHS Compliant"; Value = "Yes"; VariantName = "[No Variations]"
Change component parameters (AddParameter): Name = "Sealing"; Value = "IP67/RT3"; VariantName = "[No Variations]"
Change component parameters (AddParameter): Name = "Switching Time"; Value = "16ms"; VariantName = "[No Variations]"
Change component parameters (AddParameter): Name = "Termination"; Value = "Solder"; VariantName = "[No Variations]"
Change component parameters (AddParameter): Name = "VSWR"; Value = "1.4"; VariantName = "[No Variations]"
Change component parameters (AddParameter): Name = "Weight"; Value = "2.8g"; VariantName = "[No Variations]"
Added Pin To Net: NetName=NetD6_A Pin=X1-1
Added Pin To Net: NetName=SC_in Pin=X1-4
Added Pin To Net: NetName=SC_out Pin=X1-5
Added Pin To Net: NetName=+12 Pin=X1-12
